{
  "version": "1.5.0",
  "plugins_used": [
    {
      "name": "ArtifactoryDetector"
    },
    {
      "name": "AWSKeyDetector"
    },
    {
      "name": "AzureStorageKeyDetector"
    },
    {
      "name": "Base64HighEntropyString",
      "limit": 4.5
    },
    {
      "name": "BasicAuthDetector"
    },
    {
      "name": "CloudantDetector"
    },
    {
      "name": "DiscordBotTokenDetector"
    },
    {
      "name": "GitHubTokenDetector"
    },
    {
      "name": "GitLabTokenDetector"
    },
    {
      "name": "HexHighEntropyString",
      "limit": 3.0
    },
    {
      "name": "IbmCloudIamDetector"
    },
    {
      "name": "IbmCosHmacDetector"
    },
    {
      "name": "IPPublicDetector"
    },
    {
      "name": "JwtTokenDetector"
    },
    {
      "name": "KeywordDetector",
      "keyword_exclude": ""
    },
    {
      "name": "MailchimpDetector"
    },
    {
      "name": "NpmDetector"
    },
    {
      "name": "OpenAIDetector"
    },
    {
      "name": "PrivateKeyDetector"
    },
    {
      "name": "PypiTokenDetector"
    },
    {
      "name": "SendGridDetector"
    },
    {
      "name": "SlackDetector"
    },
    {
      "name": "SoftlayerDetector"
    },
    {
      "name": "SquareOAuthDetector"
    },
    {
      "name": "StripeDetector"
    },
    {
      "name": "TelegramBotTokenDetector"
    },
    {
      "name": "TwilioKeyDetector"
    }
  ],
  "filters_used": [
    {
      "path": "detect_secrets.filters.allowlist.is_line_allowlisted"
    },
    {
      "path": "detect_secrets.filters.common.is_baseline_file",
      "filename": ".secrets.baseline"
    },
    {
      "path": "detect_secrets.filters.common.is_ignored_due_to_verification_policies",
      "min_level": 2
    },
    {
      "path": "detect_secrets.filters.heuristic.is_indirect_reference"
    },
    {
      "path": "detect_secrets.filters.heuristic.is_likely_id_string"
    },
    {
      "path": "detect_secrets.filters.heuristic.is_lock_file"
    },
    {
      "path": "detect_secrets.filters.heuristic.is_not_alphanumeric_string"
    },
    {
      "path": "detect_secrets.filters.heuristic.is_potential_uuid"
    },
    {
      "path": "detect_secrets.filters.heuristic.is_prefixed_with_dollar_sign"
    },
    {
      "path": "detect_secrets.filters.heuristic.is_sequential_string"
    },
    {
      "path": "detect_secrets.filters.heuristic.is_swagger_file"
    },
    {
      "path": "detect_secrets.filters.heuristic.is_templated_secret"
    },
    {
      "path": "detect_secrets.filters.regex.should_exclude_file",
      "pattern": [
        "^(containers/(docker|podman|singularity)/OCDocker\\.cfg\\..*|OCDocker\\.(cfg|yml)\\.example)$"
      ]
    }
  ],
  "results": {
    "OCScore_models/03_ligand_plus_scoring_function_no_shape_size/dudez/best_model/best_trial_summary.json": [
      {
        "type": "Hex High Entropy String",
        "filename": "OCScore_models/03_ligand_plus_scoring_function_no_shape_size/dudez/best_model/best_trial_summary.json",
        "hashed_secret": "9afbc0c07685ee98f6d744413aee5e0c754dc265",
        "is_verified": false,
        "line_number": 10,
        "is_secret": false
      },
      {
        "type": "Hex High Entropy String",
        "filename": "OCScore_models/03_ligand_plus_scoring_function_no_shape_size/dudez/best_model/best_trial_summary.json",
        "hashed_secret": "cb82faf3c1b5f791f04975c7267c2bb7d746f409",
        "is_verified": false,
        "line_number": 108,
        "is_secret": false
      },
      {
        "type": "Hex High Entropy String",
        "filename": "OCScore_models/03_ligand_plus_scoring_function_no_shape_size/dudez/best_model/best_trial_summary.json",
        "hashed_secret": "860fea228dcb3bbd6b21d1f777d1b7738d7ae795",
        "is_verified": false,
        "line_number": 517,
        "is_secret": false
      },
      {
        "type": "Hex High Entropy String",
        "filename": "OCScore_models/03_ligand_plus_scoring_function_no_shape_size/dudez/best_model/best_trial_summary.json",
        "hashed_secret": "421493c9417e55215c9a8ad5b373a41c73de4c07",
        "is_verified": false,
        "line_number": 1051,
        "is_secret": false
      },
      {
        "type": "Hex High Entropy String",
        "filename": "OCScore_models/03_ligand_plus_scoring_function_no_shape_size/dudez/best_model/best_trial_summary.json",
        "hashed_secret": "c46c1ea4363b29371b1b3f66bf0df40f20cc0aff",
        "is_verified": false,
        "line_number": 1368,
        "is_secret": false
      },
      {
        "type": "Hex High Entropy String",
        "filename": "OCScore_models/03_ligand_plus_scoring_function_no_shape_size/dudez/best_model/best_trial_summary.json",
        "hashed_secret": "8b70036257af5dc74363730d05f3f92835f843ba",
        "is_verified": false,
        "line_number": 1371,
        "is_secret": false
      }
    ],
    "OCScore_models/03_ligand_plus_scoring_function_no_shape_size/dudez/best_model/feature_metadata.json": [
      {
        "type": "Hex High Entropy String",
        "filename": "OCScore_models/03_ligand_plus_scoring_function_no_shape_size/dudez/best_model/feature_metadata.json",
        "hashed_secret": "9afbc0c07685ee98f6d744413aee5e0c754dc265",
        "is_verified": false,
        "line_number": 321,
        "is_secret": false
      },
      {
        "type": "Hex High Entropy String",
        "filename": "OCScore_models/03_ligand_plus_scoring_function_no_shape_size/dudez/best_model/feature_metadata.json",
        "hashed_secret": "cb82faf3c1b5f791f04975c7267c2bb7d746f409",
        "is_verified": false,
        "line_number": 419,
        "is_secret": false
      },
      {
        "type": "Hex High Entropy String",
        "filename": "OCScore_models/03_ligand_plus_scoring_function_no_shape_size/dudez/best_model/feature_metadata.json",
        "hashed_secret": "860fea228dcb3bbd6b21d1f777d1b7738d7ae795",
        "is_verified": false,
        "line_number": 828,
        "is_secret": false
      },
      {
        "type": "Hex High Entropy String",
        "filename": "OCScore_models/03_ligand_plus_scoring_function_no_shape_size/dudez/best_model/feature_metadata.json",
        "hashed_secret": "421493c9417e55215c9a8ad5b373a41c73de4c07",
        "is_verified": false,
        "line_number": 1362,
        "is_secret": false
      },
      {
        "type": "Hex High Entropy String",
        "filename": "OCScore_models/03_ligand_plus_scoring_function_no_shape_size/dudez/best_model/feature_metadata.json",
        "hashed_secret": "c46c1ea4363b29371b1b3f66bf0df40f20cc0aff",
        "is_verified": false,
        "line_number": 1679,
        "is_secret": false
      },
      {
        "type": "Hex High Entropy String",
        "filename": "OCScore_models/03_ligand_plus_scoring_function_no_shape_size/dudez/best_model/feature_metadata.json",
        "hashed_secret": "d7acc26fe347605fdd47d90b1987a00ba3e88f88",
        "is_verified": false,
        "line_number": 1682,
        "is_secret": false
      },
      {
        "type": "Hex High Entropy String",
        "filename": "OCScore_models/03_ligand_plus_scoring_function_no_shape_size/dudez/best_model/feature_metadata.json",
        "hashed_secret": "449509ef3b0327d37958955f29c3c23890f693cb",
        "is_verified": false,
        "line_number": 1683,
        "is_secret": false
      },
      {
        "type": "Hex High Entropy String",
        "filename": "OCScore_models/03_ligand_plus_scoring_function_no_shape_size/dudez/best_model/feature_metadata.json",
        "hashed_secret": "07521a6a942f4a9b0a876b985dc08e53983e9da5",
        "is_verified": false,
        "line_number": 1684,
        "is_secret": false
      }
    ],
    "OCScore_models/03_ligand_plus_scoring_function_no_shape_size/dudez/best_model/retrain_config.json": [
      {
        "type": "Hex High Entropy String",
        "filename": "OCScore_models/03_ligand_plus_scoring_function_no_shape_size/dudez/best_model/retrain_config.json",
        "hashed_secret": "9afbc0c07685ee98f6d744413aee5e0c754dc265",
        "is_verified": false,
        "line_number": 20,
        "is_secret": false
      },
      {
        "type": "Hex High Entropy String",
        "filename": "OCScore_models/03_ligand_plus_scoring_function_no_shape_size/dudez/best_model/retrain_config.json",
        "hashed_secret": "cb82faf3c1b5f791f04975c7267c2bb7d746f409",
        "is_verified": false,
        "line_number": 118,
        "is_secret": false
      },
      {
        "type": "Hex High Entropy String",
        "filename": "OCScore_models/03_ligand_plus_scoring_function_no_shape_size/dudez/best_model/retrain_config.json",
        "hashed_secret": "860fea228dcb3bbd6b21d1f777d1b7738d7ae795",
        "is_verified": false,
        "line_number": 527,
        "is_secret": false
      },
      {
        "type": "Hex High Entropy String",
        "filename": "OCScore_models/03_ligand_plus_scoring_function_no_shape_size/dudez/best_model/retrain_config.json",
        "hashed_secret": "421493c9417e55215c9a8ad5b373a41c73de4c07",
        "is_verified": false,
        "line_number": 1061,
        "is_secret": false
      },
      {
        "type": "Hex High Entropy String",
        "filename": "OCScore_models/03_ligand_plus_scoring_function_no_shape_size/dudez/best_model/retrain_config.json",
        "hashed_secret": "c46c1ea4363b29371b1b3f66bf0df40f20cc0aff",
        "is_verified": false,
        "line_number": 1378,
        "is_secret": false
      },
      {
        "type": "Hex High Entropy String",
        "filename": "OCScore_models/03_ligand_plus_scoring_function_no_shape_size/dudez/best_model/retrain_config.json",
        "hashed_secret": "d7acc26fe347605fdd47d90b1987a00ba3e88f88",
        "is_verified": false,
        "line_number": 1381,
        "is_secret": false
      },
      {
        "type": "Hex High Entropy String",
        "filename": "OCScore_models/03_ligand_plus_scoring_function_no_shape_size/dudez/best_model/retrain_config.json",
        "hashed_secret": "449509ef3b0327d37958955f29c3c23890f693cb",
        "is_verified": false,
        "line_number": 1382,
        "is_secret": false
      },
      {
        "type": "Hex High Entropy String",
        "filename": "OCScore_models/03_ligand_plus_scoring_function_no_shape_size/dudez/best_model/retrain_config.json",
        "hashed_secret": "07521a6a942f4a9b0a876b985dc08e53983e9da5",
        "is_verified": false,
        "line_number": 1383,
        "is_secret": false
      }
    ],
    "OCScore_models/03_ligand_plus_scoring_function_no_shape_size/pdbbind/best_model/best_trial_summary.json": [
      {
        "type": "Hex High Entropy String",
        "filename": "OCScore_models/03_ligand_plus_scoring_function_no_shape_size/pdbbind/best_model/best_trial_summary.json",
        "hashed_secret": "9afbc0c07685ee98f6d744413aee5e0c754dc265",
        "is_verified": false,
        "line_number": 10,
        "is_secret": false
      },
      {
        "type": "Hex High Entropy String",
        "filename": "OCScore_models/03_ligand_plus_scoring_function_no_shape_size/pdbbind/best_model/best_trial_summary.json",
        "hashed_secret": "cb82faf3c1b5f791f04975c7267c2bb7d746f409",
        "is_verified": false,
        "line_number": 108,
        "is_secret": false
      },
      {
        "type": "Hex High Entropy String",
        "filename": "OCScore_models/03_ligand_plus_scoring_function_no_shape_size/pdbbind/best_model/best_trial_summary.json",
        "hashed_secret": "860fea228dcb3bbd6b21d1f777d1b7738d7ae795",
        "is_verified": false,
        "line_number": 517,
        "is_secret": false
      },
      {
        "type": "Hex High Entropy String",
        "filename": "OCScore_models/03_ligand_plus_scoring_function_no_shape_size/pdbbind/best_model/best_trial_summary.json",
        "hashed_secret": "421493c9417e55215c9a8ad5b373a41c73de4c07",
        "is_verified": false,
        "line_number": 1051,
        "is_secret": false
      },
      {
        "type": "Hex High Entropy String",
        "filename": "OCScore_models/03_ligand_plus_scoring_function_no_shape_size/pdbbind/best_model/best_trial_summary.json",
        "hashed_secret": "c46c1ea4363b29371b1b3f66bf0df40f20cc0aff",
        "is_verified": false,
        "line_number": 1368,
        "is_secret": false
      },
      {
        "type": "Hex High Entropy String",
        "filename": "OCScore_models/03_ligand_plus_scoring_function_no_shape_size/pdbbind/best_model/best_trial_summary.json",
        "hashed_secret": "8b70036257af5dc74363730d05f3f92835f843ba",
        "is_verified": false,
        "line_number": 1371,
        "is_secret": false
      }
    ],
    "OCScore_models/03_ligand_plus_scoring_function_no_shape_size/pdbbind/best_model/feature_metadata.json": [
      {
        "type": "Hex High Entropy String",
        "filename": "OCScore_models/03_ligand_plus_scoring_function_no_shape_size/pdbbind/best_model/feature_metadata.json",
        "hashed_secret": "9afbc0c07685ee98f6d744413aee5e0c754dc265",
        "is_verified": false,
        "line_number": 321,
        "is_secret": false
      },
      {
        "type": "Hex High Entropy String",
        "filename": "OCScore_models/03_ligand_plus_scoring_function_no_shape_size/pdbbind/best_model/feature_metadata.json",
        "hashed_secret": "cb82faf3c1b5f791f04975c7267c2bb7d746f409",
        "is_verified": false,
        "line_number": 419,
        "is_secret": false
      },
      {
        "type": "Hex High Entropy String",
        "filename": "OCScore_models/03_ligand_plus_scoring_function_no_shape_size/pdbbind/best_model/feature_metadata.json",
        "hashed_secret": "860fea228dcb3bbd6b21d1f777d1b7738d7ae795",
        "is_verified": false,
        "line_number": 828,
        "is_secret": false
      },
      {
        "type": "Hex High Entropy String",
        "filename": "OCScore_models/03_ligand_plus_scoring_function_no_shape_size/pdbbind/best_model/feature_metadata.json",
        "hashed_secret": "421493c9417e55215c9a8ad5b373a41c73de4c07",
        "is_verified": false,
        "line_number": 1362,
        "is_secret": false
      },
      {
        "type": "Hex High Entropy String",
        "filename": "OCScore_models/03_ligand_plus_scoring_function_no_shape_size/pdbbind/best_model/feature_metadata.json",
        "hashed_secret": "c46c1ea4363b29371b1b3f66bf0df40f20cc0aff",
        "is_verified": false,
        "line_number": 1679,
        "is_secret": false
      },
      {
        "type": "Hex High Entropy String",
        "filename": "OCScore_models/03_ligand_plus_scoring_function_no_shape_size/pdbbind/best_model/feature_metadata.json",
        "hashed_secret": "87b300a5fefcf42eb157dda50847b09fae9e276a",
        "is_verified": false,
        "line_number": 1682,
        "is_secret": false
      },
      {
        "type": "Hex High Entropy String",
        "filename": "OCScore_models/03_ligand_plus_scoring_function_no_shape_size/pdbbind/best_model/feature_metadata.json",
        "hashed_secret": "c203cd30cc474d5fd2dc78c33b5bb6bd05e89d83",
        "is_verified": false,
        "line_number": 1683,
        "is_secret": false
      },
      {
        "type": "Hex High Entropy String",
        "filename": "OCScore_models/03_ligand_plus_scoring_function_no_shape_size/pdbbind/best_model/feature_metadata.json",
        "hashed_secret": "cfc178af67313e693af575ccdb9d89fa8ae3881b",
        "is_verified": false,
        "line_number": 1684,
        "is_secret": false
      }
    ],
    "OCScore_models/03_ligand_plus_scoring_function_no_shape_size/pdbbind/best_model/retrain_config.json": [
      {
        "type": "Hex High Entropy String",
        "filename": "OCScore_models/03_ligand_plus_scoring_function_no_shape_size/pdbbind/best_model/retrain_config.json",
        "hashed_secret": "9afbc0c07685ee98f6d744413aee5e0c754dc265",
        "is_verified": false,
        "line_number": 25,
        "is_secret": false
      },
      {
        "type": "Hex High Entropy String",
        "filename": "OCScore_models/03_ligand_plus_scoring_function_no_shape_size/pdbbind/best_model/retrain_config.json",
        "hashed_secret": "cb82faf3c1b5f791f04975c7267c2bb7d746f409",
        "is_verified": false,
        "line_number": 123,
        "is_secret": false
      },
      {
        "type": "Hex High Entropy String",
        "filename": "OCScore_models/03_ligand_plus_scoring_function_no_shape_size/pdbbind/best_model/retrain_config.json",
        "hashed_secret": "860fea228dcb3bbd6b21d1f777d1b7738d7ae795",
        "is_verified": false,
        "line_number": 532,
        "is_secret": false
      },
      {
        "type": "Hex High Entropy String",
        "filename": "OCScore_models/03_ligand_plus_scoring_function_no_shape_size/pdbbind/best_model/retrain_config.json",
        "hashed_secret": "421493c9417e55215c9a8ad5b373a41c73de4c07",
        "is_verified": false,
        "line_number": 1066,
        "is_secret": false
      },
      {
        "type": "Hex High Entropy String",
        "filename": "OCScore_models/03_ligand_plus_scoring_function_no_shape_size/pdbbind/best_model/retrain_config.json",
        "hashed_secret": "c46c1ea4363b29371b1b3f66bf0df40f20cc0aff",
        "is_verified": false,
        "line_number": 1383,
        "is_secret": false
      },
      {
        "type": "Hex High Entropy String",
        "filename": "OCScore_models/03_ligand_plus_scoring_function_no_shape_size/pdbbind/best_model/retrain_config.json",
        "hashed_secret": "87b300a5fefcf42eb157dda50847b09fae9e276a",
        "is_verified": false,
        "line_number": 1386,
        "is_secret": false
      },
      {
        "type": "Hex High Entropy String",
        "filename": "OCScore_models/03_ligand_plus_scoring_function_no_shape_size/pdbbind/best_model/retrain_config.json",
        "hashed_secret": "c203cd30cc474d5fd2dc78c33b5bb6bd05e89d83",
        "is_verified": false,
        "line_number": 1387,
        "is_secret": false
      },
      {
        "type": "Hex High Entropy String",
        "filename": "OCScore_models/03_ligand_plus_scoring_function_no_shape_size/pdbbind/best_model/retrain_config.json",
        "hashed_secret": "cfc178af67313e693af575ccdb9d89fa8ae3881b",
        "is_verified": false,
        "line_number": 1388,
        "is_secret": false
      }
    ],
    "OCScore_models/05_ligand_plus_scoring_function_no_pmi/dudez/best_model/best_trial_summary.json": [
      {
        "type": "Hex High Entropy String",
        "filename": "OCScore_models/05_ligand_plus_scoring_function_no_pmi/dudez/best_model/best_trial_summary.json",
        "hashed_secret": "9afbc0c07685ee98f6d744413aee5e0c754dc265",
        "is_verified": false,
        "line_number": 10,
        "is_secret": false
      },
      {
        "type": "Hex High Entropy String",
        "filename": "OCScore_models/05_ligand_plus_scoring_function_no_pmi/dudez/best_model/best_trial_summary.json",
        "hashed_secret": "0e7fafbb9edb73ab5799b48d9d3028256030b743",
        "is_verified": false,
        "line_number": 52,
        "is_secret": false
      },
      {
        "type": "Hex High Entropy String",
        "filename": "OCScore_models/05_ligand_plus_scoring_function_no_pmi/dudez/best_model/best_trial_summary.json",
        "hashed_secret": "b6f81d136e63d9f3cc54fc6b990e77f22aa2371a",
        "is_verified": false,
        "line_number": 489,
        "is_secret": false
      },
      {
        "type": "Hex High Entropy String",
        "filename": "OCScore_models/05_ligand_plus_scoring_function_no_pmi/dudez/best_model/best_trial_summary.json",
        "hashed_secret": "140c6b120de861b86141370d44ef972c0006e6dc",
        "is_verified": false,
        "line_number": 1030,
        "is_secret": false
      },
      {
        "type": "Hex High Entropy String",
        "filename": "OCScore_models/05_ligand_plus_scoring_function_no_pmi/dudez/best_model/best_trial_summary.json",
        "hashed_secret": "a91dedc1b5c55664f36a9c390a86a0bb39941ecf",
        "is_verified": false,
        "line_number": 1368,
        "is_secret": false
      },
      {
        "type": "Hex High Entropy String",
        "filename": "OCScore_models/05_ligand_plus_scoring_function_no_pmi/dudez/best_model/best_trial_summary.json",
        "hashed_secret": "9ec11a3daf2df364df20cbe6ffb9d12a7eb6be26",
        "is_verified": false,
        "line_number": 1371,
        "is_secret": false
      }
    ],
    "OCScore_models/05_ligand_plus_scoring_function_no_pmi/dudez/best_model/feature_metadata.json": [
      {
        "type": "Hex High Entropy String",
        "filename": "OCScore_models/05_ligand_plus_scoring_function_no_pmi/dudez/best_model/feature_metadata.json",
        "hashed_secret": "9afbc0c07685ee98f6d744413aee5e0c754dc265",
        "is_verified": false,
        "line_number": 342,
        "is_secret": false
      },
      {
        "type": "Hex High Entropy String",
        "filename": "OCScore_models/05_ligand_plus_scoring_function_no_pmi/dudez/best_model/feature_metadata.json",
        "hashed_secret": "0e7fafbb9edb73ab5799b48d9d3028256030b743",
        "is_verified": false,
        "line_number": 384,
        "is_secret": false
      },
      {
        "type": "Hex High Entropy String",
        "filename": "OCScore_models/05_ligand_plus_scoring_function_no_pmi/dudez/best_model/feature_metadata.json",
        "hashed_secret": "b6f81d136e63d9f3cc54fc6b990e77f22aa2371a",
        "is_verified": false,
        "line_number": 821,
        "is_secret": false
      },
      {
        "type": "Hex High Entropy String",
        "filename": "OCScore_models/05_ligand_plus_scoring_function_no_pmi/dudez/best_model/feature_metadata.json",
        "hashed_secret": "140c6b120de861b86141370d44ef972c0006e6dc",
        "is_verified": false,
        "line_number": 1362,
        "is_secret": false
      },
      {
        "type": "Hex High Entropy String",
        "filename": "OCScore_models/05_ligand_plus_scoring_function_no_pmi/dudez/best_model/feature_metadata.json",
        "hashed_secret": "a91dedc1b5c55664f36a9c390a86a0bb39941ecf",
        "is_verified": false,
        "line_number": 1700,
        "is_secret": false
      },
      {
        "type": "Hex High Entropy String",
        "filename": "OCScore_models/05_ligand_plus_scoring_function_no_pmi/dudez/best_model/feature_metadata.json",
        "hashed_secret": "d7acc26fe347605fdd47d90b1987a00ba3e88f88",
        "is_verified": false,
        "line_number": 1703,
        "is_secret": false
      },
      {
        "type": "Hex High Entropy String",
        "filename": "OCScore_models/05_ligand_plus_scoring_function_no_pmi/dudez/best_model/feature_metadata.json",
        "hashed_secret": "449509ef3b0327d37958955f29c3c23890f693cb",
        "is_verified": false,
        "line_number": 1704,
        "is_secret": false
      },
      {
        "type": "Hex High Entropy String",
        "filename": "OCScore_models/05_ligand_plus_scoring_function_no_pmi/dudez/best_model/feature_metadata.json",
        "hashed_secret": "07521a6a942f4a9b0a876b985dc08e53983e9da5",
        "is_verified": false,
        "line_number": 1705,
        "is_secret": false
      }
    ],
    "OCScore_models/05_ligand_plus_scoring_function_no_pmi/dudez/best_model/retrain_config.json": [
      {
        "type": "Hex High Entropy String",
        "filename": "OCScore_models/05_ligand_plus_scoring_function_no_pmi/dudez/best_model/retrain_config.json",
        "hashed_secret": "9afbc0c07685ee98f6d744413aee5e0c754dc265",
        "is_verified": false,
        "line_number": 21,
        "is_secret": false
      },
      {
        "type": "Hex High Entropy String",
        "filename": "OCScore_models/05_ligand_plus_scoring_function_no_pmi/dudez/best_model/retrain_config.json",
        "hashed_secret": "0e7fafbb9edb73ab5799b48d9d3028256030b743",
        "is_verified": false,
        "line_number": 63,
        "is_secret": false
      },
      {
        "type": "Hex High Entropy String",
        "filename": "OCScore_models/05_ligand_plus_scoring_function_no_pmi/dudez/best_model/retrain_config.json",
        "hashed_secret": "b6f81d136e63d9f3cc54fc6b990e77f22aa2371a",
        "is_verified": false,
        "line_number": 500,
        "is_secret": false
      },
      {
        "type": "Hex High Entropy String",
        "filename": "OCScore_models/05_ligand_plus_scoring_function_no_pmi/dudez/best_model/retrain_config.json",
        "hashed_secret": "140c6b120de861b86141370d44ef972c0006e6dc",
        "is_verified": false,
        "line_number": 1041,
        "is_secret": false
      },
      {
        "type": "Hex High Entropy String",
        "filename": "OCScore_models/05_ligand_plus_scoring_function_no_pmi/dudez/best_model/retrain_config.json",
        "hashed_secret": "a91dedc1b5c55664f36a9c390a86a0bb39941ecf",
        "is_verified": false,
        "line_number": 1379,
        "is_secret": false
      },
      {
        "type": "Hex High Entropy String",
        "filename": "OCScore_models/05_ligand_plus_scoring_function_no_pmi/dudez/best_model/retrain_config.json",
        "hashed_secret": "d7acc26fe347605fdd47d90b1987a00ba3e88f88",
        "is_verified": false,
        "line_number": 1382,
        "is_secret": false
      },
      {
        "type": "Hex High Entropy String",
        "filename": "OCScore_models/05_ligand_plus_scoring_function_no_pmi/dudez/best_model/retrain_config.json",
        "hashed_secret": "449509ef3b0327d37958955f29c3c23890f693cb",
        "is_verified": false,
        "line_number": 1383,
        "is_secret": false
      },
      {
        "type": "Hex High Entropy String",
        "filename": "OCScore_models/05_ligand_plus_scoring_function_no_pmi/dudez/best_model/retrain_config.json",
        "hashed_secret": "07521a6a942f4a9b0a876b985dc08e53983e9da5",
        "is_verified": false,
        "line_number": 1384,
        "is_secret": false
      }
    ],
    "OCScore_models/05_ligand_plus_scoring_function_no_pmi/pdbbind/best_model/best_trial_summary.json": [
      {
        "type": "Hex High Entropy String",
        "filename": "OCScore_models/05_ligand_plus_scoring_function_no_pmi/pdbbind/best_model/best_trial_summary.json",
        "hashed_secret": "9afbc0c07685ee98f6d744413aee5e0c754dc265",
        "is_verified": false,
        "line_number": 10,
        "is_secret": false
      },
      {
        "type": "Hex High Entropy String",
        "filename": "OCScore_models/05_ligand_plus_scoring_function_no_pmi/pdbbind/best_model/best_trial_summary.json",
        "hashed_secret": "0e7fafbb9edb73ab5799b48d9d3028256030b743",
        "is_verified": false,
        "line_number": 52,
        "is_secret": false
      },
      {
        "type": "Hex High Entropy String",
        "filename": "OCScore_models/05_ligand_plus_scoring_function_no_pmi/pdbbind/best_model/best_trial_summary.json",
        "hashed_secret": "b6f81d136e63d9f3cc54fc6b990e77f22aa2371a",
        "is_verified": false,
        "line_number": 489,
        "is_secret": false
      },
      {
        "type": "Hex High Entropy String",
        "filename": "OCScore_models/05_ligand_plus_scoring_function_no_pmi/pdbbind/best_model/best_trial_summary.json",
        "hashed_secret": "140c6b120de861b86141370d44ef972c0006e6dc",
        "is_verified": false,
        "line_number": 1030,
        "is_secret": false
      },
      {
        "type": "Hex High Entropy String",
        "filename": "OCScore_models/05_ligand_plus_scoring_function_no_pmi/pdbbind/best_model/best_trial_summary.json",
        "hashed_secret": "a91dedc1b5c55664f36a9c390a86a0bb39941ecf",
        "is_verified": false,
        "line_number": 1368,
        "is_secret": false
      },
      {
        "type": "Hex High Entropy String",
        "filename": "OCScore_models/05_ligand_plus_scoring_function_no_pmi/pdbbind/best_model/best_trial_summary.json",
        "hashed_secret": "9ec11a3daf2df364df20cbe6ffb9d12a7eb6be26",
        "is_verified": false,
        "line_number": 1371,
        "is_secret": false
      }
    ],
    "OCScore_models/05_ligand_plus_scoring_function_no_pmi/pdbbind/best_model/feature_metadata.json": [
      {
        "type": "Hex High Entropy String",
        "filename": "OCScore_models/05_ligand_plus_scoring_function_no_pmi/pdbbind/best_model/feature_metadata.json",
        "hashed_secret": "9afbc0c07685ee98f6d744413aee5e0c754dc265",
        "is_verified": false,
        "line_number": 342,
        "is_secret": false
      },
      {
        "type": "Hex High Entropy String",
        "filename": "OCScore_models/05_ligand_plus_scoring_function_no_pmi/pdbbind/best_model/feature_metadata.json",
        "hashed_secret": "0e7fafbb9edb73ab5799b48d9d3028256030b743",
        "is_verified": false,
        "line_number": 384,
        "is_secret": false
      },
      {
        "type": "Hex High Entropy String",
        "filename": "OCScore_models/05_ligand_plus_scoring_function_no_pmi/pdbbind/best_model/feature_metadata.json",
        "hashed_secret": "b6f81d136e63d9f3cc54fc6b990e77f22aa2371a",
        "is_verified": false,
        "line_number": 821,
        "is_secret": false
      },
      {
        "type": "Hex High Entropy String",
        "filename": "OCScore_models/05_ligand_plus_scoring_function_no_pmi/pdbbind/best_model/feature_metadata.json",
        "hashed_secret": "140c6b120de861b86141370d44ef972c0006e6dc",
        "is_verified": false,
        "line_number": 1362,
        "is_secret": false
      },
      {
        "type": "Hex High Entropy String",
        "filename": "OCScore_models/05_ligand_plus_scoring_function_no_pmi/pdbbind/best_model/feature_metadata.json",
        "hashed_secret": "a91dedc1b5c55664f36a9c390a86a0bb39941ecf",
        "is_verified": false,
        "line_number": 1700,
        "is_secret": false
      },
      {
        "type": "Hex High Entropy String",
        "filename": "OCScore_models/05_ligand_plus_scoring_function_no_pmi/pdbbind/best_model/feature_metadata.json",
        "hashed_secret": "87b300a5fefcf42eb157dda50847b09fae9e276a",
        "is_verified": false,
        "line_number": 1703,
        "is_secret": false
      },
      {
        "type": "Hex High Entropy String",
        "filename": "OCScore_models/05_ligand_plus_scoring_function_no_pmi/pdbbind/best_model/feature_metadata.json",
        "hashed_secret": "c203cd30cc474d5fd2dc78c33b5bb6bd05e89d83",
        "is_verified": false,
        "line_number": 1704,
        "is_secret": false
      },
      {
        "type": "Hex High Entropy String",
        "filename": "OCScore_models/05_ligand_plus_scoring_function_no_pmi/pdbbind/best_model/feature_metadata.json",
        "hashed_secret": "cfc178af67313e693af575ccdb9d89fa8ae3881b",
        "is_verified": false,
        "line_number": 1705,
        "is_secret": false
      }
    ],
    "OCScore_models/05_ligand_plus_scoring_function_no_pmi/pdbbind/best_model/retrain_config.json": [
      {
        "type": "Hex High Entropy String",
        "filename": "OCScore_models/05_ligand_plus_scoring_function_no_pmi/pdbbind/best_model/retrain_config.json",
        "hashed_secret": "9afbc0c07685ee98f6d744413aee5e0c754dc265",
        "is_verified": false,
        "line_number": 25,
        "is_secret": false
      },
      {
        "type": "Hex High Entropy String",
        "filename": "OCScore_models/05_ligand_plus_scoring_function_no_pmi/pdbbind/best_model/retrain_config.json",
        "hashed_secret": "0e7fafbb9edb73ab5799b48d9d3028256030b743",
        "is_verified": false,
        "line_number": 67,
        "is_secret": false
      },
      {
        "type": "Hex High Entropy String",
        "filename": "OCScore_models/05_ligand_plus_scoring_function_no_pmi/pdbbind/best_model/retrain_config.json",
        "hashed_secret": "b6f81d136e63d9f3cc54fc6b990e77f22aa2371a",
        "is_verified": false,
        "line_number": 504,
        "is_secret": false
      },
      {
        "type": "Hex High Entropy String",
        "filename": "OCScore_models/05_ligand_plus_scoring_function_no_pmi/pdbbind/best_model/retrain_config.json",
        "hashed_secret": "140c6b120de861b86141370d44ef972c0006e6dc",
        "is_verified": false,
        "line_number": 1045,
        "is_secret": false
      },
      {
        "type": "Hex High Entropy String",
        "filename": "OCScore_models/05_ligand_plus_scoring_function_no_pmi/pdbbind/best_model/retrain_config.json",
        "hashed_secret": "a91dedc1b5c55664f36a9c390a86a0bb39941ecf",
        "is_verified": false,
        "line_number": 1383,
        "is_secret": false
      },
      {
        "type": "Hex High Entropy String",
        "filename": "OCScore_models/05_ligand_plus_scoring_function_no_pmi/pdbbind/best_model/retrain_config.json",
        "hashed_secret": "87b300a5fefcf42eb157dda50847b09fae9e276a",
        "is_verified": false,
        "line_number": 1386,
        "is_secret": false
      },
      {
        "type": "Hex High Entropy String",
        "filename": "OCScore_models/05_ligand_plus_scoring_function_no_pmi/pdbbind/best_model/retrain_config.json",
        "hashed_secret": "c203cd30cc474d5fd2dc78c33b5bb6bd05e89d83",
        "is_verified": false,
        "line_number": 1387,
        "is_secret": false
      },
      {
        "type": "Hex High Entropy String",
        "filename": "OCScore_models/05_ligand_plus_scoring_function_no_pmi/pdbbind/best_model/retrain_config.json",
        "hashed_secret": "cfc178af67313e693af575ccdb9d89fa8ae3881b",
        "is_verified": false,
        "line_number": 1388,
        "is_secret": false
      }
    ],
    "OCScore_models/09_ligand_plus_scoring_function_no_shape_size_no_autocorr2d/dudez/best_model/best_trial_summary.json": [
      {
        "type": "Hex High Entropy String",
        "filename": "OCScore_models/09_ligand_plus_scoring_function_no_shape_size_no_autocorr2d/dudez/best_model/best_trial_summary.json",
        "hashed_secret": "9afbc0c07685ee98f6d744413aee5e0c754dc265",
        "is_verified": false,
        "line_number": 10,
        "is_secret": false
      },
      {
        "type": "Hex High Entropy String",
        "filename": "OCScore_models/09_ligand_plus_scoring_function_no_shape_size_no_autocorr2d/dudez/best_model/best_trial_summary.json",
        "hashed_secret": "8ab1507d4e2255e061459b10a876214272fbee94",
        "is_verified": false,
        "line_number": 302,
        "is_secret": false
      },
      {
        "type": "Hex High Entropy String",
        "filename": "OCScore_models/09_ligand_plus_scoring_function_no_shape_size_no_autocorr2d/dudez/best_model/best_trial_summary.json",
        "hashed_secret": "e8b2c02f7d62c97f365959173d4e900bae42aef5",
        "is_verified": false,
        "line_number": 519,
        "is_secret": false
      },
      {
        "type": "Hex High Entropy String",
        "filename": "OCScore_models/09_ligand_plus_scoring_function_no_shape_size_no_autocorr2d/dudez/best_model/best_trial_summary.json",
        "hashed_secret": "55081c9af6fe5cb3d0e03afafd8529ba4169935d",
        "is_verified": false,
        "line_number": 1008,
        "is_secret": false
      },
      {
        "type": "Hex High Entropy String",
        "filename": "OCScore_models/09_ligand_plus_scoring_function_no_shape_size_no_autocorr2d/dudez/best_model/best_trial_summary.json",
        "hashed_secret": "df05a5a45fb5c9e2e4d405eafe919d569802e5db",
        "is_verified": false,
        "line_number": 1178,
        "is_secret": false
      },
      {
        "type": "Hex High Entropy String",
        "filename": "OCScore_models/09_ligand_plus_scoring_function_no_shape_size_no_autocorr2d/dudez/best_model/best_trial_summary.json",
        "hashed_secret": "ba66b0d6f39d57ee3b7949215e1dab40bcd5af25",
        "is_verified": false,
        "line_number": 1181,
        "is_secret": false
      }
    ],
    "OCScore_models/09_ligand_plus_scoring_function_no_shape_size_no_autocorr2d/dudez/best_model/feature_metadata.json": [
      {
        "type": "Hex High Entropy String",
        "filename": "OCScore_models/09_ligand_plus_scoring_function_no_shape_size_no_autocorr2d/dudez/best_model/feature_metadata.json",
        "hashed_secret": "9afbc0c07685ee98f6d744413aee5e0c754dc265",
        "is_verified": false,
        "line_number": 174,
        "is_secret": false
      },
      {
        "type": "Hex High Entropy String",
        "filename": "OCScore_models/09_ligand_plus_scoring_function_no_shape_size_no_autocorr2d/dudez/best_model/feature_metadata.json",
        "hashed_secret": "8ab1507d4e2255e061459b10a876214272fbee94",
        "is_verified": false,
        "line_number": 466,
        "is_secret": false
      },
      {
        "type": "Hex High Entropy String",
        "filename": "OCScore_models/09_ligand_plus_scoring_function_no_shape_size_no_autocorr2d/dudez/best_model/feature_metadata.json",
        "hashed_secret": "e8b2c02f7d62c97f365959173d4e900bae42aef5",
        "is_verified": false,
        "line_number": 683,
        "is_secret": false
      },
      {
        "type": "Hex High Entropy String",
        "filename": "OCScore_models/09_ligand_plus_scoring_function_no_shape_size_no_autocorr2d/dudez/best_model/feature_metadata.json",
        "hashed_secret": "55081c9af6fe5cb3d0e03afafd8529ba4169935d",
        "is_verified": false,
        "line_number": 1172,
        "is_secret": false
      },
      {
        "type": "Hex High Entropy String",
        "filename": "OCScore_models/09_ligand_plus_scoring_function_no_shape_size_no_autocorr2d/dudez/best_model/feature_metadata.json",
        "hashed_secret": "df05a5a45fb5c9e2e4d405eafe919d569802e5db",
        "is_verified": false,
        "line_number": 1342,
        "is_secret": false
      },
      {
        "type": "Hex High Entropy String",
        "filename": "OCScore_models/09_ligand_plus_scoring_function_no_shape_size_no_autocorr2d/dudez/best_model/feature_metadata.json",
        "hashed_secret": "d7acc26fe347605fdd47d90b1987a00ba3e88f88",
        "is_verified": false,
        "line_number": 1345,
        "is_secret": false
      },
      {
        "type": "Hex High Entropy String",
        "filename": "OCScore_models/09_ligand_plus_scoring_function_no_shape_size_no_autocorr2d/dudez/best_model/feature_metadata.json",
        "hashed_secret": "449509ef3b0327d37958955f29c3c23890f693cb",
        "is_verified": false,
        "line_number": 1346,
        "is_secret": false
      },
      {
        "type": "Hex High Entropy String",
        "filename": "OCScore_models/09_ligand_plus_scoring_function_no_shape_size_no_autocorr2d/dudez/best_model/feature_metadata.json",
        "hashed_secret": "07521a6a942f4a9b0a876b985dc08e53983e9da5",
        "is_verified": false,
        "line_number": 1347,
        "is_secret": false
      }
    ],
    "OCScore_models/09_ligand_plus_scoring_function_no_shape_size_no_autocorr2d/dudez/best_model/retrain_config.json": [
      {
        "type": "Hex High Entropy String",
        "filename": "OCScore_models/09_ligand_plus_scoring_function_no_shape_size_no_autocorr2d/dudez/best_model/retrain_config.json",
        "hashed_secret": "9afbc0c07685ee98f6d744413aee5e0c754dc265",
        "is_verified": false,
        "line_number": 20,
        "is_secret": false
      },
      {
        "type": "Hex High Entropy String",
        "filename": "OCScore_models/09_ligand_plus_scoring_function_no_shape_size_no_autocorr2d/dudez/best_model/retrain_config.json",
        "hashed_secret": "8ab1507d4e2255e061459b10a876214272fbee94",
        "is_verified": false,
        "line_number": 312,
        "is_secret": false
      },
      {
        "type": "Hex High Entropy String",
        "filename": "OCScore_models/09_ligand_plus_scoring_function_no_shape_size_no_autocorr2d/dudez/best_model/retrain_config.json",
        "hashed_secret": "e8b2c02f7d62c97f365959173d4e900bae42aef5",
        "is_verified": false,
        "line_number": 529,
        "is_secret": false
      },
      {
        "type": "Hex High Entropy String",
        "filename": "OCScore_models/09_ligand_plus_scoring_function_no_shape_size_no_autocorr2d/dudez/best_model/retrain_config.json",
        "hashed_secret": "55081c9af6fe5cb3d0e03afafd8529ba4169935d",
        "is_verified": false,
        "line_number": 1018,
        "is_secret": false
      },
      {
        "type": "Hex High Entropy String",
        "filename": "OCScore_models/09_ligand_plus_scoring_function_no_shape_size_no_autocorr2d/dudez/best_model/retrain_config.json",
        "hashed_secret": "df05a5a45fb5c9e2e4d405eafe919d569802e5db",
        "is_verified": false,
        "line_number": 1188,
        "is_secret": false
      },
      {
        "type": "Hex High Entropy String",
        "filename": "OCScore_models/09_ligand_plus_scoring_function_no_shape_size_no_autocorr2d/dudez/best_model/retrain_config.json",
        "hashed_secret": "d7acc26fe347605fdd47d90b1987a00ba3e88f88",
        "is_verified": false,
        "line_number": 1191,
        "is_secret": false
      },
      {
        "type": "Hex High Entropy String",
        "filename": "OCScore_models/09_ligand_plus_scoring_function_no_shape_size_no_autocorr2d/dudez/best_model/retrain_config.json",
        "hashed_secret": "449509ef3b0327d37958955f29c3c23890f693cb",
        "is_verified": false,
        "line_number": 1192,
        "is_secret": false
      },
      {
        "type": "Hex High Entropy String",
        "filename": "OCScore_models/09_ligand_plus_scoring_function_no_shape_size_no_autocorr2d/dudez/best_model/retrain_config.json",
        "hashed_secret": "07521a6a942f4a9b0a876b985dc08e53983e9da5",
        "is_verified": false,
        "line_number": 1193,
        "is_secret": false
      }
    ],
    "OCScore_models/09_ligand_plus_scoring_function_no_shape_size_no_autocorr2d/pdbbind/best_model/best_trial_summary.json": [
      {
        "type": "Hex High Entropy String",
        "filename": "OCScore_models/09_ligand_plus_scoring_function_no_shape_size_no_autocorr2d/pdbbind/best_model/best_trial_summary.json",
        "hashed_secret": "9afbc0c07685ee98f6d744413aee5e0c754dc265",
        "is_verified": false,
        "line_number": 10,
        "is_secret": false
      },
      {
        "type": "Hex High Entropy String",
        "filename": "OCScore_models/09_ligand_plus_scoring_function_no_shape_size_no_autocorr2d/pdbbind/best_model/best_trial_summary.json",
        "hashed_secret": "8ab1507d4e2255e061459b10a876214272fbee94",
        "is_verified": false,
        "line_number": 302,
        "is_secret": false
      },
      {
        "type": "Hex High Entropy String",
        "filename": "OCScore_models/09_ligand_plus_scoring_function_no_shape_size_no_autocorr2d/pdbbind/best_model/best_trial_summary.json",
        "hashed_secret": "e8b2c02f7d62c97f365959173d4e900bae42aef5",
        "is_verified": false,
        "line_number": 519,
        "is_secret": false
      },
      {
        "type": "Hex High Entropy String",
        "filename": "OCScore_models/09_ligand_plus_scoring_function_no_shape_size_no_autocorr2d/pdbbind/best_model/best_trial_summary.json",
        "hashed_secret": "55081c9af6fe5cb3d0e03afafd8529ba4169935d",
        "is_verified": false,
        "line_number": 1008,
        "is_secret": false
      },
      {
        "type": "Hex High Entropy String",
        "filename": "OCScore_models/09_ligand_plus_scoring_function_no_shape_size_no_autocorr2d/pdbbind/best_model/best_trial_summary.json",
        "hashed_secret": "df05a5a45fb5c9e2e4d405eafe919d569802e5db",
        "is_verified": false,
        "line_number": 1178,
        "is_secret": false
      },
      {
        "type": "Hex High Entropy String",
        "filename": "OCScore_models/09_ligand_plus_scoring_function_no_shape_size_no_autocorr2d/pdbbind/best_model/best_trial_summary.json",
        "hashed_secret": "c9bef85574c85576e37ead20a054908b32b2161e",
        "is_verified": false,
        "line_number": 1181,
        "is_secret": false
      }
    ],
    "OCScore_models/09_ligand_plus_scoring_function_no_shape_size_no_autocorr2d/pdbbind/best_model/feature_metadata.json": [
      {
        "type": "Hex High Entropy String",
        "filename": "OCScore_models/09_ligand_plus_scoring_function_no_shape_size_no_autocorr2d/pdbbind/best_model/feature_metadata.json",
        "hashed_secret": "9afbc0c07685ee98f6d744413aee5e0c754dc265",
        "is_verified": false,
        "line_number": 174,
        "is_secret": false
      },
      {
        "type": "Hex High Entropy String",
        "filename": "OCScore_models/09_ligand_plus_scoring_function_no_shape_size_no_autocorr2d/pdbbind/best_model/feature_metadata.json",
        "hashed_secret": "8ab1507d4e2255e061459b10a876214272fbee94",
        "is_verified": false,
        "line_number": 466,
        "is_secret": false
      },
      {
        "type": "Hex High Entropy String",
        "filename": "OCScore_models/09_ligand_plus_scoring_function_no_shape_size_no_autocorr2d/pdbbind/best_model/feature_metadata.json",
        "hashed_secret": "e8b2c02f7d62c97f365959173d4e900bae42aef5",
        "is_verified": false,
        "line_number": 683,
        "is_secret": false
      },
      {
        "type": "Hex High Entropy String",
        "filename": "OCScore_models/09_ligand_plus_scoring_function_no_shape_size_no_autocorr2d/pdbbind/best_model/feature_metadata.json",
        "hashed_secret": "55081c9af6fe5cb3d0e03afafd8529ba4169935d",
        "is_verified": false,
        "line_number": 1172,
        "is_secret": false
      },
      {
        "type": "Hex High Entropy String",
        "filename": "OCScore_models/09_ligand_plus_scoring_function_no_shape_size_no_autocorr2d/pdbbind/best_model/feature_metadata.json",
        "hashed_secret": "df05a5a45fb5c9e2e4d405eafe919d569802e5db",
        "is_verified": false,
        "line_number": 1342,
        "is_secret": false
      },
      {
        "type": "Hex High Entropy String",
        "filename": "OCScore_models/09_ligand_plus_scoring_function_no_shape_size_no_autocorr2d/pdbbind/best_model/feature_metadata.json",
        "hashed_secret": "87b300a5fefcf42eb157dda50847b09fae9e276a",
        "is_verified": false,
        "line_number": 1345,
        "is_secret": false
      },
      {
        "type": "Hex High Entropy String",
        "filename": "OCScore_models/09_ligand_plus_scoring_function_no_shape_size_no_autocorr2d/pdbbind/best_model/feature_metadata.json",
        "hashed_secret": "c203cd30cc474d5fd2dc78c33b5bb6bd05e89d83",
        "is_verified": false,
        "line_number": 1346,
        "is_secret": false
      },
      {
        "type": "Hex High Entropy String",
        "filename": "OCScore_models/09_ligand_plus_scoring_function_no_shape_size_no_autocorr2d/pdbbind/best_model/feature_metadata.json",
        "hashed_secret": "cfc178af67313e693af575ccdb9d89fa8ae3881b",
        "is_verified": false,
        "line_number": 1347,
        "is_secret": false
      }
    ],
    "OCScore_models/09_ligand_plus_scoring_function_no_shape_size_no_autocorr2d/pdbbind/best_model/retrain_config.json": [
      {
        "type": "Hex High Entropy String",
        "filename": "OCScore_models/09_ligand_plus_scoring_function_no_shape_size_no_autocorr2d/pdbbind/best_model/retrain_config.json",
        "hashed_secret": "9afbc0c07685ee98f6d744413aee5e0c754dc265",
        "is_verified": false,
        "line_number": 25,
        "is_secret": false
      },
      {
        "type": "Hex High Entropy String",
        "filename": "OCScore_models/09_ligand_plus_scoring_function_no_shape_size_no_autocorr2d/pdbbind/best_model/retrain_config.json",
        "hashed_secret": "8ab1507d4e2255e061459b10a876214272fbee94",
        "is_verified": false,
        "line_number": 317,
        "is_secret": false
      },
      {
        "type": "Hex High Entropy String",
        "filename": "OCScore_models/09_ligand_plus_scoring_function_no_shape_size_no_autocorr2d/pdbbind/best_model/retrain_config.json",
        "hashed_secret": "e8b2c02f7d62c97f365959173d4e900bae42aef5",
        "is_verified": false,
        "line_number": 534,
        "is_secret": false
      },
      {
        "type": "Hex High Entropy String",
        "filename": "OCScore_models/09_ligand_plus_scoring_function_no_shape_size_no_autocorr2d/pdbbind/best_model/retrain_config.json",
        "hashed_secret": "55081c9af6fe5cb3d0e03afafd8529ba4169935d",
        "is_verified": false,
        "line_number": 1023,
        "is_secret": false
      },
      {
        "type": "Hex High Entropy String",
        "filename": "OCScore_models/09_ligand_plus_scoring_function_no_shape_size_no_autocorr2d/pdbbind/best_model/retrain_config.json",
        "hashed_secret": "df05a5a45fb5c9e2e4d405eafe919d569802e5db",
        "is_verified": false,
        "line_number": 1193,
        "is_secret": false
      },
      {
        "type": "Hex High Entropy String",
        "filename": "OCScore_models/09_ligand_plus_scoring_function_no_shape_size_no_autocorr2d/pdbbind/best_model/retrain_config.json",
        "hashed_secret": "87b300a5fefcf42eb157dda50847b09fae9e276a",
        "is_verified": false,
        "line_number": 1196,
        "is_secret": false
      },
      {
        "type": "Hex High Entropy String",
        "filename": "OCScore_models/09_ligand_plus_scoring_function_no_shape_size_no_autocorr2d/pdbbind/best_model/retrain_config.json",
        "hashed_secret": "c203cd30cc474d5fd2dc78c33b5bb6bd05e89d83",
        "is_verified": false,
        "line_number": 1197,
        "is_secret": false
      },
      {
        "type": "Hex High Entropy String",
        "filename": "OCScore_models/09_ligand_plus_scoring_function_no_shape_size_no_autocorr2d/pdbbind/best_model/retrain_config.json",
        "hashed_secret": "cfc178af67313e693af575ccdb9d89fa8ae3881b",
        "is_verified": false,
        "line_number": 1198,
        "is_secret": false
      }
    ],
    "OCScore_models/12_no_pmi/dudez/best_model/best_trial_summary.json": [
      {
        "type": "Hex High Entropy String",
        "filename": "OCScore_models/12_no_pmi/dudez/best_model/best_trial_summary.json",
        "hashed_secret": "9afbc0c07685ee98f6d744413aee5e0c754dc265",
        "is_verified": false,
        "line_number": 10,
        "is_secret": false
      },
      {
        "type": "Hex High Entropy String",
        "filename": "OCScore_models/12_no_pmi/dudez/best_model/best_trial_summary.json",
        "hashed_secret": "dd40262f77dd9d2fce8522d1cc2fc9ff7160fe81",
        "is_verified": false,
        "line_number": 53,
        "is_secret": false
      },
      {
        "type": "Hex High Entropy String",
        "filename": "OCScore_models/12_no_pmi/dudez/best_model/best_trial_summary.json",
        "hashed_secret": "c9eec92a495e0358c01cc463c5d140b3f05d812c",
        "is_verified": false,
        "line_number": 519,
        "is_secret": false
      },
      {
        "type": "Hex High Entropy String",
        "filename": "OCScore_models/12_no_pmi/dudez/best_model/best_trial_summary.json",
        "hashed_secret": "8f3fe4a2b018a9db5101d5846a4a50787e6c80e9",
        "is_verified": false,
        "line_number": 1085,
        "is_secret": false
      },
      {
        "type": "Hex High Entropy String",
        "filename": "OCScore_models/12_no_pmi/dudez/best_model/best_trial_summary.json",
        "hashed_secret": "579b567356874dc35e5d35663a82f6bb2a935250",
        "is_verified": false,
        "line_number": 1451,
        "is_secret": false
      },
      {
        "type": "Hex High Entropy String",
        "filename": "OCScore_models/12_no_pmi/dudez/best_model/best_trial_summary.json",
        "hashed_secret": "d20ab07e0cc4410928d5303c8a3d4296391aabb4",
        "is_verified": false,
        "line_number": 1454,
        "is_secret": false
      }
    ],
    "OCScore_models/12_no_pmi/dudez/best_model/feature_metadata.json": [
      {
        "type": "Hex High Entropy String",
        "filename": "OCScore_models/12_no_pmi/dudez/best_model/feature_metadata.json",
        "hashed_secret": "9afbc0c07685ee98f6d744413aee5e0c754dc265",
        "is_verified": false,
        "line_number": 370,
        "is_secret": false
      },
      {
        "type": "Hex High Entropy String",
        "filename": "OCScore_models/12_no_pmi/dudez/best_model/feature_metadata.json",
        "hashed_secret": "dd40262f77dd9d2fce8522d1cc2fc9ff7160fe81",
        "is_verified": false,
        "line_number": 413,
        "is_secret": false
      },
      {
        "type": "Hex High Entropy String",
        "filename": "OCScore_models/12_no_pmi/dudez/best_model/feature_metadata.json",
        "hashed_secret": "c9eec92a495e0358c01cc463c5d140b3f05d812c",
        "is_verified": false,
        "line_number": 879,
        "is_secret": false
      },
      {
        "type": "Hex High Entropy String",
        "filename": "OCScore_models/12_no_pmi/dudez/best_model/feature_metadata.json",
        "hashed_secret": "8f3fe4a2b018a9db5101d5846a4a50787e6c80e9",
        "is_verified": false,
        "line_number": 1445,
        "is_secret": false
      },
      {
        "type": "Hex High Entropy String",
        "filename": "OCScore_models/12_no_pmi/dudez/best_model/feature_metadata.json",
        "hashed_secret": "579b567356874dc35e5d35663a82f6bb2a935250",
        "is_verified": false,
        "line_number": 1811,
        "is_secret": false
      },
      {
        "type": "Hex High Entropy String",
        "filename": "OCScore_models/12_no_pmi/dudez/best_model/feature_metadata.json",
        "hashed_secret": "d7acc26fe347605fdd47d90b1987a00ba3e88f88",
        "is_verified": false,
        "line_number": 1814,
        "is_secret": false
      },
      {
        "type": "Hex High Entropy String",
        "filename": "OCScore_models/12_no_pmi/dudez/best_model/feature_metadata.json",
        "hashed_secret": "449509ef3b0327d37958955f29c3c23890f693cb",
        "is_verified": false,
        "line_number": 1815,
        "is_secret": false
      },
      {
        "type": "Hex High Entropy String",
        "filename": "OCScore_models/12_no_pmi/dudez/best_model/feature_metadata.json",
        "hashed_secret": "07521a6a942f4a9b0a876b985dc08e53983e9da5",
        "is_verified": false,
        "line_number": 1816,
        "is_secret": false
      }
    ],
    "OCScore_models/12_no_pmi/dudez/best_model/retrain_config.json": [
      {
        "type": "Hex High Entropy String",
        "filename": "OCScore_models/12_no_pmi/dudez/best_model/retrain_config.json",
        "hashed_secret": "9afbc0c07685ee98f6d744413aee5e0c754dc265",
        "is_verified": false,
        "line_number": 20,
        "is_secret": false
      },
      {
        "type": "Hex High Entropy String",
        "filename": "OCScore_models/12_no_pmi/dudez/best_model/retrain_config.json",
        "hashed_secret": "dd40262f77dd9d2fce8522d1cc2fc9ff7160fe81",
        "is_verified": false,
        "line_number": 63,
        "is_secret": false
      },
      {
        "type": "Hex High Entropy String",
        "filename": "OCScore_models/12_no_pmi/dudez/best_model/retrain_config.json",
        "hashed_secret": "c9eec92a495e0358c01cc463c5d140b3f05d812c",
        "is_verified": false,
        "line_number": 529,
        "is_secret": false
      },
      {
        "type": "Hex High Entropy String",
        "filename": "OCScore_models/12_no_pmi/dudez/best_model/retrain_config.json",
        "hashed_secret": "8f3fe4a2b018a9db5101d5846a4a50787e6c80e9",
        "is_verified": false,
        "line_number": 1095,
        "is_secret": false
      },
      {
        "type": "Hex High Entropy String",
        "filename": "OCScore_models/12_no_pmi/dudez/best_model/retrain_config.json",
        "hashed_secret": "579b567356874dc35e5d35663a82f6bb2a935250",
        "is_verified": false,
        "line_number": 1461,
        "is_secret": false
      },
      {
        "type": "Hex High Entropy String",
        "filename": "OCScore_models/12_no_pmi/dudez/best_model/retrain_config.json",
        "hashed_secret": "d7acc26fe347605fdd47d90b1987a00ba3e88f88",
        "is_verified": false,
        "line_number": 1464,
        "is_secret": false
      },
      {
        "type": "Hex High Entropy String",
        "filename": "OCScore_models/12_no_pmi/dudez/best_model/retrain_config.json",
        "hashed_secret": "449509ef3b0327d37958955f29c3c23890f693cb",
        "is_verified": false,
        "line_number": 1465,
        "is_secret": false
      },
      {
        "type": "Hex High Entropy String",
        "filename": "OCScore_models/12_no_pmi/dudez/best_model/retrain_config.json",
        "hashed_secret": "07521a6a942f4a9b0a876b985dc08e53983e9da5",
        "is_verified": false,
        "line_number": 1466,
        "is_secret": false
      }
    ],
    "OCScore_models/12_no_pmi/pdbbind/best_model/best_trial_summary.json": [
      {
        "type": "Hex High Entropy String",
        "filename": "OCScore_models/12_no_pmi/pdbbind/best_model/best_trial_summary.json",
        "hashed_secret": "9afbc0c07685ee98f6d744413aee5e0c754dc265",
        "is_verified": false,
        "line_number": 10,
        "is_secret": false
      },
      {
        "type": "Hex High Entropy String",
        "filename": "OCScore_models/12_no_pmi/pdbbind/best_model/best_trial_summary.json",
        "hashed_secret": "dd40262f77dd9d2fce8522d1cc2fc9ff7160fe81",
        "is_verified": false,
        "line_number": 53,
        "is_secret": false
      },
      {
        "type": "Hex High Entropy String",
        "filename": "OCScore_models/12_no_pmi/pdbbind/best_model/best_trial_summary.json",
        "hashed_secret": "c9eec92a495e0358c01cc463c5d140b3f05d812c",
        "is_verified": false,
        "line_number": 519,
        "is_secret": false
      },
      {
        "type": "Hex High Entropy String",
        "filename": "OCScore_models/12_no_pmi/pdbbind/best_model/best_trial_summary.json",
        "hashed_secret": "8f3fe4a2b018a9db5101d5846a4a50787e6c80e9",
        "is_verified": false,
        "line_number": 1085,
        "is_secret": false
      },
      {
        "type": "Hex High Entropy String",
        "filename": "OCScore_models/12_no_pmi/pdbbind/best_model/best_trial_summary.json",
        "hashed_secret": "579b567356874dc35e5d35663a82f6bb2a935250",
        "is_verified": false,
        "line_number": 1451,
        "is_secret": false
      },
      {
        "type": "Hex High Entropy String",
        "filename": "OCScore_models/12_no_pmi/pdbbind/best_model/best_trial_summary.json",
        "hashed_secret": "d20ab07e0cc4410928d5303c8a3d4296391aabb4",
        "is_verified": false,
        "line_number": 1454,
        "is_secret": false
      }
    ],
    "OCScore_models/12_no_pmi/pdbbind/best_model/feature_metadata.json": [
      {
        "type": "Hex High Entropy String",
        "filename": "OCScore_models/12_no_pmi/pdbbind/best_model/feature_metadata.json",
        "hashed_secret": "9afbc0c07685ee98f6d744413aee5e0c754dc265",
        "is_verified": false,
        "line_number": 370,
        "is_secret": false
      },
      {
        "type": "Hex High Entropy String",
        "filename": "OCScore_models/12_no_pmi/pdbbind/best_model/feature_metadata.json",
        "hashed_secret": "dd40262f77dd9d2fce8522d1cc2fc9ff7160fe81",
        "is_verified": false,
        "line_number": 413,
        "is_secret": false
      },
      {
        "type": "Hex High Entropy String",
        "filename": "OCScore_models/12_no_pmi/pdbbind/best_model/feature_metadata.json",
        "hashed_secret": "c9eec92a495e0358c01cc463c5d140b3f05d812c",
        "is_verified": false,
        "line_number": 879,
        "is_secret": false
      },
      {
        "type": "Hex High Entropy String",
        "filename": "OCScore_models/12_no_pmi/pdbbind/best_model/feature_metadata.json",
        "hashed_secret": "8f3fe4a2b018a9db5101d5846a4a50787e6c80e9",
        "is_verified": false,
        "line_number": 1445,
        "is_secret": false
      },
      {
        "type": "Hex High Entropy String",
        "filename": "OCScore_models/12_no_pmi/pdbbind/best_model/feature_metadata.json",
        "hashed_secret": "579b567356874dc35e5d35663a82f6bb2a935250",
        "is_verified": false,
        "line_number": 1811,
        "is_secret": false
      },
      {
        "type": "Hex High Entropy String",
        "filename": "OCScore_models/12_no_pmi/pdbbind/best_model/feature_metadata.json",
        "hashed_secret": "87b300a5fefcf42eb157dda50847b09fae9e276a",
        "is_verified": false,
        "line_number": 1814,
        "is_secret": false
      },
      {
        "type": "Hex High Entropy String",
        "filename": "OCScore_models/12_no_pmi/pdbbind/best_model/feature_metadata.json",
        "hashed_secret": "c203cd30cc474d5fd2dc78c33b5bb6bd05e89d83",
        "is_verified": false,
        "line_number": 1815,
        "is_secret": false
      },
      {
        "type": "Hex High Entropy String",
        "filename": "OCScore_models/12_no_pmi/pdbbind/best_model/feature_metadata.json",
        "hashed_secret": "cfc178af67313e693af575ccdb9d89fa8ae3881b",
        "is_verified": false,
        "line_number": 1816,
        "is_secret": false
      }
    ],
    "OCScore_models/12_no_pmi/pdbbind/best_model/retrain_config.json": [
      {
        "type": "Hex High Entropy String",
        "filename": "OCScore_models/12_no_pmi/pdbbind/best_model/retrain_config.json",
        "hashed_secret": "9afbc0c07685ee98f6d744413aee5e0c754dc265",
        "is_verified": false,
        "line_number": 21,
        "is_secret": false
      },
      {
        "type": "Hex High Entropy String",
        "filename": "OCScore_models/12_no_pmi/pdbbind/best_model/retrain_config.json",
        "hashed_secret": "dd40262f77dd9d2fce8522d1cc2fc9ff7160fe81",
        "is_verified": false,
        "line_number": 64,
        "is_secret": false
      },
      {
        "type": "Hex High Entropy String",
        "filename": "OCScore_models/12_no_pmi/pdbbind/best_model/retrain_config.json",
        "hashed_secret": "c9eec92a495e0358c01cc463c5d140b3f05d812c",
        "is_verified": false,
        "line_number": 530,
        "is_secret": false
      },
      {
        "type": "Hex High Entropy String",
        "filename": "OCScore_models/12_no_pmi/pdbbind/best_model/retrain_config.json",
        "hashed_secret": "8f3fe4a2b018a9db5101d5846a4a50787e6c80e9",
        "is_verified": false,
        "line_number": 1096,
        "is_secret": false
      },
      {
        "type": "Hex High Entropy String",
        "filename": "OCScore_models/12_no_pmi/pdbbind/best_model/retrain_config.json",
        "hashed_secret": "579b567356874dc35e5d35663a82f6bb2a935250",
        "is_verified": false,
        "line_number": 1462,
        "is_secret": false
      },
      {
        "type": "Hex High Entropy String",
        "filename": "OCScore_models/12_no_pmi/pdbbind/best_model/retrain_config.json",
        "hashed_secret": "87b300a5fefcf42eb157dda50847b09fae9e276a",
        "is_verified": false,
        "line_number": 1465,
        "is_secret": false
      },
      {
        "type": "Hex High Entropy String",
        "filename": "OCScore_models/12_no_pmi/pdbbind/best_model/retrain_config.json",
        "hashed_secret": "c203cd30cc474d5fd2dc78c33b5bb6bd05e89d83",
        "is_verified": false,
        "line_number": 1466,
        "is_secret": false
      },
      {
        "type": "Hex High Entropy String",
        "filename": "OCScore_models/12_no_pmi/pdbbind/best_model/retrain_config.json",
        "hashed_secret": "cfc178af67313e693af575ccdb9d89fa8ae3881b",
        "is_verified": false,
        "line_number": 1467,
        "is_secret": false
      }
    ],
    "OCScore_models/14_full_model/dudez/best_model/best_trial_summary.json": [
      {
        "type": "Hex High Entropy String",
        "filename": "OCScore_models/14_full_model/dudez/best_model/best_trial_summary.json",
        "hashed_secret": "0b6f79da0c663b88e50925d46c7c847c89c25e9d",
        "is_verified": false,
        "line_number": 8
      }
    ],
    "OCScore_models/14_full_model/dudez/best_model/feature_metadata.json": [
      {
        "type": "Hex High Entropy String",
        "filename": "OCScore_models/14_full_model/dudez/best_model/feature_metadata.json",
        "hashed_secret": "d7acc26fe347605fdd47d90b1987a00ba3e88f88",
        "is_verified": false,
        "line_number": 368
      },
      {
        "type": "Hex High Entropy String",
        "filename": "OCScore_models/14_full_model/dudez/best_model/feature_metadata.json",
        "hashed_secret": "449509ef3b0327d37958955f29c3c23890f693cb",
        "is_verified": false,
        "line_number": 369
      },
      {
        "type": "Hex High Entropy String",
        "filename": "OCScore_models/14_full_model/dudez/best_model/feature_metadata.json",
        "hashed_secret": "07521a6a942f4a9b0a876b985dc08e53983e9da5",
        "is_verified": false,
        "line_number": 370
      },
      {
        "type": "Hex High Entropy String",
        "filename": "OCScore_models/14_full_model/dudez/best_model/feature_metadata.json",
        "hashed_secret": "b679eaa0221381d35bab545df114abbd9653ac28",
        "is_verified": false,
        "line_number": 738
      }
    ],
    "OCScore_models/14_full_model/dudez/best_model/retrain_config.json": [
      {
        "type": "Hex High Entropy String",
        "filename": "OCScore_models/14_full_model/dudez/best_model/retrain_config.json",
        "hashed_secret": "d7acc26fe347605fdd47d90b1987a00ba3e88f88",
        "is_verified": false,
        "line_number": 18
      },
      {
        "type": "Hex High Entropy String",
        "filename": "OCScore_models/14_full_model/dudez/best_model/retrain_config.json",
        "hashed_secret": "449509ef3b0327d37958955f29c3c23890f693cb",
        "is_verified": false,
        "line_number": 19
      },
      {
        "type": "Hex High Entropy String",
        "filename": "OCScore_models/14_full_model/dudez/best_model/retrain_config.json",
        "hashed_secret": "07521a6a942f4a9b0a876b985dc08e53983e9da5",
        "is_verified": false,
        "line_number": 20
      }
    ],
    "OCScore_models/14_full_model/pdbbind/best_model/best_trial_summary.json": [
      {
        "type": "Hex High Entropy String",
        "filename": "OCScore_models/14_full_model/pdbbind/best_model/best_trial_summary.json",
        "hashed_secret": "0b6f79da0c663b88e50925d46c7c847c89c25e9d",
        "is_verified": false,
        "line_number": 8
      }
    ],
    "OCScore_models/14_full_model/pdbbind/best_model/feature_metadata.json": [
      {
        "type": "Hex High Entropy String",
        "filename": "OCScore_models/14_full_model/pdbbind/best_model/feature_metadata.json",
        "hashed_secret": "87b300a5fefcf42eb157dda50847b09fae9e276a",
        "is_verified": false,
        "line_number": 368
      },
      {
        "type": "Hex High Entropy String",
        "filename": "OCScore_models/14_full_model/pdbbind/best_model/feature_metadata.json",
        "hashed_secret": "c203cd30cc474d5fd2dc78c33b5bb6bd05e89d83",
        "is_verified": false,
        "line_number": 369
      },
      {
        "type": "Hex High Entropy String",
        "filename": "OCScore_models/14_full_model/pdbbind/best_model/feature_metadata.json",
        "hashed_secret": "cfc178af67313e693af575ccdb9d89fa8ae3881b",
        "is_verified": false,
        "line_number": 370
      },
      {
        "type": "Hex High Entropy String",
        "filename": "OCScore_models/14_full_model/pdbbind/best_model/feature_metadata.json",
        "hashed_secret": "b679eaa0221381d35bab545df114abbd9653ac28",
        "is_verified": false,
        "line_number": 738
      }
    ],
    "OCScore_models/14_full_model/pdbbind/best_model/retrain_config.json": [
      {
        "type": "Hex High Entropy String",
        "filename": "OCScore_models/14_full_model/pdbbind/best_model/retrain_config.json",
        "hashed_secret": "87b300a5fefcf42eb157dda50847b09fae9e276a",
        "is_verified": false,
        "line_number": 23
      },
      {
        "type": "Hex High Entropy String",
        "filename": "OCScore_models/14_full_model/pdbbind/best_model/retrain_config.json",
        "hashed_secret": "c203cd30cc474d5fd2dc78c33b5bb6bd05e89d83",
        "is_verified": false,
        "line_number": 24
      },
      {
        "type": "Hex High Entropy String",
        "filename": "OCScore_models/14_full_model/pdbbind/best_model/retrain_config.json",
        "hashed_secret": "cfc178af67313e693af575ccdb9d89fa8ae3881b",
        "is_verified": false,
        "line_number": 25
      }
    ],
    "OCScore_models/16_no_ligand_shape_size/dudez/best_model/best_trial_summary.json": [
      {
        "type": "Hex High Entropy String",
        "filename": "OCScore_models/16_no_ligand_shape_size/dudez/best_model/best_trial_summary.json",
        "hashed_secret": "9afbc0c07685ee98f6d744413aee5e0c754dc265",
        "is_verified": false,
        "line_number": 10
      },
      {
        "type": "Hex High Entropy String",
        "filename": "OCScore_models/16_no_ligand_shape_size/dudez/best_model/best_trial_summary.json",
        "hashed_secret": "d3f3036131889af687897919f565859b75e6ca4e",
        "is_verified": false,
        "line_number": 112
      },
      {
        "type": "Hex High Entropy String",
        "filename": "OCScore_models/16_no_ligand_shape_size/dudez/best_model/best_trial_summary.json",
        "hashed_secret": "223ff0d8ad4402451052a49daf04003927812938",
        "is_verified": false,
        "line_number": 550
      },
      {
        "type": "Hex High Entropy String",
        "filename": "OCScore_models/16_no_ligand_shape_size/dudez/best_model/best_trial_summary.json",
        "hashed_secret": "66e04b714c2502d66b771ea283a1b8bcce2f9c6c",
        "is_verified": false,
        "line_number": 1114
      },
      {
        "type": "Hex High Entropy String",
        "filename": "OCScore_models/16_no_ligand_shape_size/dudez/best_model/best_trial_summary.json",
        "hashed_secret": "b47d341950a6cdab294ecc565e8ec8b009c5f98a",
        "is_verified": false,
        "line_number": 1459
      },
      {
        "type": "Hex High Entropy String",
        "filename": "OCScore_models/16_no_ligand_shape_size/dudez/best_model/best_trial_summary.json",
        "hashed_secret": "cf1d69c260333427f8418b7abb792a832d57ac62",
        "is_verified": false,
        "line_number": 1462
      }
    ],
    "OCScore_models/16_no_ligand_shape_size/dudez/best_model/feature_metadata.json": [
      {
        "type": "Hex High Entropy String",
        "filename": "OCScore_models/16_no_ligand_shape_size/dudez/best_model/feature_metadata.json",
        "hashed_secret": "9afbc0c07685ee98f6d744413aee5e0c754dc265",
        "is_verified": false,
        "line_number": 349
      },
      {
        "type": "Hex High Entropy String",
        "filename": "OCScore_models/16_no_ligand_shape_size/dudez/best_model/feature_metadata.json",
        "hashed_secret": "d3f3036131889af687897919f565859b75e6ca4e",
        "is_verified": false,
        "line_number": 451
      },
      {
        "type": "Hex High Entropy String",
        "filename": "OCScore_models/16_no_ligand_shape_size/dudez/best_model/feature_metadata.json",
        "hashed_secret": "223ff0d8ad4402451052a49daf04003927812938",
        "is_verified": false,
        "line_number": 889
      },
      {
        "type": "Hex High Entropy String",
        "filename": "OCScore_models/16_no_ligand_shape_size/dudez/best_model/feature_metadata.json",
        "hashed_secret": "66e04b714c2502d66b771ea283a1b8bcce2f9c6c",
        "is_verified": false,
        "line_number": 1453
      },
      {
        "type": "Hex High Entropy String",
        "filename": "OCScore_models/16_no_ligand_shape_size/dudez/best_model/feature_metadata.json",
        "hashed_secret": "b47d341950a6cdab294ecc565e8ec8b009c5f98a",
        "is_verified": false,
        "line_number": 1798
      },
      {
        "type": "Hex High Entropy String",
        "filename": "OCScore_models/16_no_ligand_shape_size/dudez/best_model/feature_metadata.json",
        "hashed_secret": "d7acc26fe347605fdd47d90b1987a00ba3e88f88",
        "is_verified": false,
        "line_number": 1801
      },
      {
        "type": "Hex High Entropy String",
        "filename": "OCScore_models/16_no_ligand_shape_size/dudez/best_model/feature_metadata.json",
        "hashed_secret": "449509ef3b0327d37958955f29c3c23890f693cb",
        "is_verified": false,
        "line_number": 1802
      },
      {
        "type": "Hex High Entropy String",
        "filename": "OCScore_models/16_no_ligand_shape_size/dudez/best_model/feature_metadata.json",
        "hashed_secret": "07521a6a942f4a9b0a876b985dc08e53983e9da5",
        "is_verified": false,
        "line_number": 1803
      }
    ],
    "OCScore_models/16_no_ligand_shape_size/dudez/best_model/retrain_config.json": [
      {
        "type": "Hex High Entropy String",
        "filename": "OCScore_models/16_no_ligand_shape_size/dudez/best_model/retrain_config.json",
        "hashed_secret": "9afbc0c07685ee98f6d744413aee5e0c754dc265",
        "is_verified": false,
        "line_number": 20
      },
      {
        "type": "Hex High Entropy String",
        "filename": "OCScore_models/16_no_ligand_shape_size/dudez/best_model/retrain_config.json",
        "hashed_secret": "d3f3036131889af687897919f565859b75e6ca4e",
        "is_verified": false,
        "line_number": 122
      },
      {
        "type": "Hex High Entropy String",
        "filename": "OCScore_models/16_no_ligand_shape_size/dudez/best_model/retrain_config.json",
        "hashed_secret": "223ff0d8ad4402451052a49daf04003927812938",
        "is_verified": false,
        "line_number": 560
      },
      {
        "type": "Hex High Entropy String",
        "filename": "OCScore_models/16_no_ligand_shape_size/dudez/best_model/retrain_config.json",
        "hashed_secret": "66e04b714c2502d66b771ea283a1b8bcce2f9c6c",
        "is_verified": false,
        "line_number": 1124
      },
      {
        "type": "Hex High Entropy String",
        "filename": "OCScore_models/16_no_ligand_shape_size/dudez/best_model/retrain_config.json",
        "hashed_secret": "b47d341950a6cdab294ecc565e8ec8b009c5f98a",
        "is_verified": false,
        "line_number": 1469
      },
      {
        "type": "Hex High Entropy String",
        "filename": "OCScore_models/16_no_ligand_shape_size/dudez/best_model/retrain_config.json",
        "hashed_secret": "d7acc26fe347605fdd47d90b1987a00ba3e88f88",
        "is_verified": false,
        "line_number": 1472
      },
      {
        "type": "Hex High Entropy String",
        "filename": "OCScore_models/16_no_ligand_shape_size/dudez/best_model/retrain_config.json",
        "hashed_secret": "449509ef3b0327d37958955f29c3c23890f693cb",
        "is_verified": false,
        "line_number": 1473
      },
      {
        "type": "Hex High Entropy String",
        "filename": "OCScore_models/16_no_ligand_shape_size/dudez/best_model/retrain_config.json",
        "hashed_secret": "07521a6a942f4a9b0a876b985dc08e53983e9da5",
        "is_verified": false,
        "line_number": 1474
      }
    ],
    "OCScore_models/16_no_ligand_shape_size/pdbbind/best_model/best_trial_summary.json": [
      {
        "type": "Hex High Entropy String",
        "filename": "OCScore_models/16_no_ligand_shape_size/pdbbind/best_model/best_trial_summary.json",
        "hashed_secret": "9afbc0c07685ee98f6d744413aee5e0c754dc265",
        "is_verified": false,
        "line_number": 10
      },
      {
        "type": "Hex High Entropy String",
        "filename": "OCScore_models/16_no_ligand_shape_size/pdbbind/best_model/best_trial_summary.json",
        "hashed_secret": "d3f3036131889af687897919f565859b75e6ca4e",
        "is_verified": false,
        "line_number": 112
      },
      {
        "type": "Hex High Entropy String",
        "filename": "OCScore_models/16_no_ligand_shape_size/pdbbind/best_model/best_trial_summary.json",
        "hashed_secret": "223ff0d8ad4402451052a49daf04003927812938",
        "is_verified": false,
        "line_number": 550
      },
      {
        "type": "Hex High Entropy String",
        "filename": "OCScore_models/16_no_ligand_shape_size/pdbbind/best_model/best_trial_summary.json",
        "hashed_secret": "66e04b714c2502d66b771ea283a1b8bcce2f9c6c",
        "is_verified": false,
        "line_number": 1114
      },
      {
        "type": "Hex High Entropy String",
        "filename": "OCScore_models/16_no_ligand_shape_size/pdbbind/best_model/best_trial_summary.json",
        "hashed_secret": "b47d341950a6cdab294ecc565e8ec8b009c5f98a",
        "is_verified": false,
        "line_number": 1459
      },
      {
        "type": "Hex High Entropy String",
        "filename": "OCScore_models/16_no_ligand_shape_size/pdbbind/best_model/best_trial_summary.json",
        "hashed_secret": "d20ab07e0cc4410928d5303c8a3d4296391aabb4",
        "is_verified": false,
        "line_number": 1462
      }
    ],
    "OCScore_models/16_no_ligand_shape_size/pdbbind/best_model/feature_metadata.json": [
      {
        "type": "Hex High Entropy String",
        "filename": "OCScore_models/16_no_ligand_shape_size/pdbbind/best_model/feature_metadata.json",
        "hashed_secret": "9afbc0c07685ee98f6d744413aee5e0c754dc265",
        "is_verified": false,
        "line_number": 349
      },
      {
        "type": "Hex High Entropy String",
        "filename": "OCScore_models/16_no_ligand_shape_size/pdbbind/best_model/feature_metadata.json",
        "hashed_secret": "d3f3036131889af687897919f565859b75e6ca4e",
        "is_verified": false,
        "line_number": 451
      },
      {
        "type": "Hex High Entropy String",
        "filename": "OCScore_models/16_no_ligand_shape_size/pdbbind/best_model/feature_metadata.json",
        "hashed_secret": "223ff0d8ad4402451052a49daf04003927812938",
        "is_verified": false,
        "line_number": 889
      },
      {
        "type": "Hex High Entropy String",
        "filename": "OCScore_models/16_no_ligand_shape_size/pdbbind/best_model/feature_metadata.json",
        "hashed_secret": "66e04b714c2502d66b771ea283a1b8bcce2f9c6c",
        "is_verified": false,
        "line_number": 1453
      },
      {
        "type": "Hex High Entropy String",
        "filename": "OCScore_models/16_no_ligand_shape_size/pdbbind/best_model/feature_metadata.json",
        "hashed_secret": "b47d341950a6cdab294ecc565e8ec8b009c5f98a",
        "is_verified": false,
        "line_number": 1798
      },
      {
        "type": "Hex High Entropy String",
        "filename": "OCScore_models/16_no_ligand_shape_size/pdbbind/best_model/feature_metadata.json",
        "hashed_secret": "87b300a5fefcf42eb157dda50847b09fae9e276a",
        "is_verified": false,
        "line_number": 1801
      },
      {
        "type": "Hex High Entropy String",
        "filename": "OCScore_models/16_no_ligand_shape_size/pdbbind/best_model/feature_metadata.json",
        "hashed_secret": "c203cd30cc474d5fd2dc78c33b5bb6bd05e89d83",
        "is_verified": false,
        "line_number": 1802
      },
      {
        "type": "Hex High Entropy String",
        "filename": "OCScore_models/16_no_ligand_shape_size/pdbbind/best_model/feature_metadata.json",
        "hashed_secret": "cfc178af67313e693af575ccdb9d89fa8ae3881b",
        "is_verified": false,
        "line_number": 1803
      }
    ],
    "OCScore_models/16_no_ligand_shape_size/pdbbind/best_model/retrain_config.json": [
      {
        "type": "Hex High Entropy String",
        "filename": "OCScore_models/16_no_ligand_shape_size/pdbbind/best_model/retrain_config.json",
        "hashed_secret": "9afbc0c07685ee98f6d744413aee5e0c754dc265",
        "is_verified": false,
        "line_number": 25
      },
      {
        "type": "Hex High Entropy String",
        "filename": "OCScore_models/16_no_ligand_shape_size/pdbbind/best_model/retrain_config.json",
        "hashed_secret": "d3f3036131889af687897919f565859b75e6ca4e",
        "is_verified": false,
        "line_number": 127
      },
      {
        "type": "Hex High Entropy String",
        "filename": "OCScore_models/16_no_ligand_shape_size/pdbbind/best_model/retrain_config.json",
        "hashed_secret": "223ff0d8ad4402451052a49daf04003927812938",
        "is_verified": false,
        "line_number": 565
      },
      {
        "type": "Hex High Entropy String",
        "filename": "OCScore_models/16_no_ligand_shape_size/pdbbind/best_model/retrain_config.json",
        "hashed_secret": "66e04b714c2502d66b771ea283a1b8bcce2f9c6c",
        "is_verified": false,
        "line_number": 1129
      },
      {
        "type": "Hex High Entropy String",
        "filename": "OCScore_models/16_no_ligand_shape_size/pdbbind/best_model/retrain_config.json",
        "hashed_secret": "b47d341950a6cdab294ecc565e8ec8b009c5f98a",
        "is_verified": false,
        "line_number": 1474
      },
      {
        "type": "Hex High Entropy String",
        "filename": "OCScore_models/16_no_ligand_shape_size/pdbbind/best_model/retrain_config.json",
        "hashed_secret": "87b300a5fefcf42eb157dda50847b09fae9e276a",
        "is_verified": false,
        "line_number": 1477
      },
      {
        "type": "Hex High Entropy String",
        "filename": "OCScore_models/16_no_ligand_shape_size/pdbbind/best_model/retrain_config.json",
        "hashed_secret": "c203cd30cc474d5fd2dc78c33b5bb6bd05e89d83",
        "is_verified": false,
        "line_number": 1478
      },
      {
        "type": "Hex High Entropy String",
        "filename": "OCScore_models/16_no_ligand_shape_size/pdbbind/best_model/retrain_config.json",
        "hashed_secret": "cfc178af67313e693af575ccdb9d89fa8ae3881b",
        "is_verified": false,
        "line_number": 1479
      }
    ]
  },
  "generated_at": "2026-08-20T14:10:25Z"
}
